                  Welcome to Q-Chem
     A Quantum Leap Into The Future Of Chemistry


 Q-Chem 5.2 (devel), Q-Chem, Inc., Pleasanton, CA (2019)

 Yihan Shao,  Zhengting Gan,  E. Epifanovsky,  A. T. B. Gilbert,  M. Wormit,
 J. Kussmann,  A. W. Lange,  A. Behn,  Jia Deng,  Xintian Feng,  D. Ghosh,
 M. Goldey,  P. R. Horn,  L. D. Jacobson,  I. Kaliman,  T. Kus,  A. Landau,
 Jie Liu,  E. I. Proynov,  R. M. Richard,  R. P. Steele,  E. J. Sundstrom,
 H. L. Woodcock III,  P. M. Zimmerman,  D. Zuev,  B. Albrecht,  E. Alguire,
 S. A. Baeppler,  D. Barton,  Z. Benda,  Y. A. Bernard,  E. J. Berquist,
 K. B. Bravaya,  H. Burton,  D. Casanova,  Chun-Min Chang,  Yunqing Chen,
 A. Chien,  K. D. Closser,  M. P. Coons,  S. Coriani,  S. Dasgupta,
 A. L. Dempwolff,  M. Diedenhofen,  Hainam Do,  R. G. Edgar,  Po-Tung Fang,
 S. Faraji,  S. Fatehi,  Qingguo Feng,  K. D. Fenk,  J. Fosso-Tande,
 J. Gayvert,  Qinghui Ge,  A. Ghysels,  G. Gidofalvi,  J. Gomes,
 J. Gonthier,  A. Gunina,  D. Hait,  M. W. D. Hanson-Heine,
 P. H. P. Harbach,  A. W. Hauser,  J. E. Herr,  E. G. Hohenstein,
 Z. C. Holden,  Kerwin Hui,  B. C. Huynh,  T.-C. Jagau,  Hyunjun Ji,
 B. Kaduk,  K. Khistyaev,  Jaehoon Kim,  P. Klunzinger,  K. Koh,
 D. Kosenkov,  L. Koulias,  T. Kowalczyk,  C. M. Krauter,  A. Kunitsa,
 Ka Un Lao,  A. Laurent,  K. V. Lawler,  Joonho Lee,  D. Lefrancois,
 S. Lehtola,  D. S. Levine,  Yi-Pei Li,  You-Sheng Lin,  Fenglai Liu,
 E. Livshits,  A. Luenser,  P. Manohar,  E. Mansoor,  S. F. Manzer,
 Shan-Ping Mao,  Yuezhi Mao,  N. Mardirossian,  A. V. Marenich,
 T. Markovich,  L. A. Martinez-Martinez,  S. A. Maurer,  N. J. Mayhall,
 S. C. McKenzie,  J.-M. Mewes,  A. F. Morrison,  J. W. Mullinax,  K. Nanda,
 T. S. Nguyen-Beck,  R. Olivares-Amaya,  J. A. Parkhill,  T. M. Perrine,
 F. Plasser,  P. Pokhilko,  S. Prager,  A. Prociuk,  E. Ramos,  D. R. Rehn,
 F. Rob,  M. Schneider,  N. Sergueev,  S. M. Sharada,  S. Sharma,
 D. W. Small,  T. Stauch,  T. Stein,  Yu-Chuan Su,  A. J. W. Thom,
 A. Tkatchenko,  T. Tsuchimochi,  N. M. Tubman,  L. Vogt,  M. L. Vidal,
 O. Vydrov,  M. A. Watson,  J. Wenzel,  M. de Wergifosse,  T. A. Wesolowski,
 A. White,  J. Witte,  A. Yamada,  Jun Yang,  K. Yao,  S. Yeganeh,
 S. R. Yost,  Zhi-Qiang You,  A. Zech,  Igor Ying Zhang,  Xing Zhang,
 Yan Zhao,  Ying Zhu,  B. R. Brooks,  G. K. L. Chan,  C. J. Cramer,
 M. S. Gordon,  W. J. Hehre,  A. Klamt,  M. W. Schmidt,  C. D. Sherrill,
 D. G. Truhlar,  A. Aspuru-Guzik,  R. Baer,  A. T. Bell,  N. A. Besley,
 Jeng-Da Chai,  A. E. DePrince, III,  R. A. DiStasio Jr.,  A. Dreuw,
 B. D. Dunietz,  T. R. Furlani,  Chao-Ping Hsu,  Yousung Jung,  Jing Kong,
 D. S. Lambrecht,  WanZhen Liang,  C. Ochsenfeld,  V. A. Rassolov,
 L. V. Slipchenko,  J. E. Subotnik,  T. Van Voorhis,  J. M. Herbert,
 A. I. Krylov,  P. M. W. Gill,  M. Head-Gordon

 Contributors to earlier versions of Q-Chem not listed above:
 R. D. Adamson,  B. Austin,  J. Baker,  G. J. O. Beran,  K. Brandhorst,
 S. T. Brown,  E. F. C. Byrd,  A. K. Chakraborty,  C.-L. Cheng,
 Siu Hung Chien,  D. M. Chipman,  D. L. Crittenden,  H. Dachsel,
 R. J. Doerksen,  A. D. Dutoi,  L. Fusti-Molnar,  W. A. Goddard III,
 A. Golubeva-Zadorozhnaya,  S. R. Gwaltney,  G. Hawkins,  A. Heyden,
 S. Hirata,  G. Kedziora,  F. J. Keil,  C. Kelley,  Jihan Kim,  R. A. King,
 R. Z. Khaliullin,  P. P. Korambath,  W. Kurlancheek,  A. M. Lee,  M. S. Lee,
 S. V. Levchenko,  Ching Yeh Lin,  D. Liotard,  R. C. Lochan,  I. Lotan,
 P. E. Maslen,  N. Nair,  D. P. O'Neill,  D. Neuhauser,  E. Neuscamman,
 C. M. Oana,  R. Olson,  B. Peters,  R. Peverati,  P. A. Pieniazek,
 Y. M. Rhee,  J. Ritchie,  M. A. Rohrdanz,  E. Rosta,  N. J. Russ,
 H. F. Schaefer III,  N. E. Schultz,  N. Shenvi,  A. C. Simmonett,  A. Sodt,
 D. Stuck,  K. S. Thanthiriwatte,  V. Vanovschi,  Tao Wang,  A. Warshel,
 C. F. Williams,  Q. Wu,  X. Xu,  W. Zhang

 Please cite Q-Chem as follows:
 Y. Shao et al., Mol. Phys. 113, 184-215 (2015)
 DOI: 10.1080/00268976.2014.952696

 Q-Chem 5.2.0 for Mac (Intel) OS X

 Parts of Q-Chem use Armadillo 8.300.2 (Tropical Shenanigans).
 http://arma.sourceforge.net/

 Q-Chem begins on Mon May 10 20:31:14 2021

Host:
0

     Scratch files written to /Users/abel/Scratch/export/pyqchem_2840//
Input Ideriv = 2
Curr. Ideriv = -1
Max.  Ideriv = 2

Checking the input file for inconsistencies... 	...done.

--------------------------------------------------------------
User input:
--------------------------------------------------------------
$molecule
-1 1
O	        0.0000000000         0.0000000000         0.0000000000
H	        0.0000000000         0.0000000000         0.9000000000
$end
$rem
jobtype sp
exchange hf
basis 6-31g
thresh 14
scf_convergence 8
scf_algorithm diis
max_scf_cycles 50
gui 2
set_iter 30
RPA False
mem_total 2000
mem_static 64
n_frozen_virtual 0
mom_start False
skip_scfman False
scf_guess_mix False
unrestricted True
symmetry True
sym_ignore False
sym_tol 5
$end

--------------------------------------------------------------
 ----------------------------------------------------------------
             Standard Nuclear Orientation (Angstroms)
    I     Atom           X                Y                Z
 ----------------------------------------------------------------
    1      O       0.0000000000     0.0000000000    -0.1000000000
    2      H       0.0000000000     0.0000000000     0.8000000000
 ----------------------------------------------------------------
 Molecular Point Group                 C*v   NOp =***
 Largest Abelian Subgroup              C2v   NOp =  1
 Nuclear Repulsion Energy =     4.7037974293 hartrees
 There are        5 alpha and        5 beta electrons
 Requested basis set is 6-31G
 There are 5 shells and 11 basis functions

 Total QAlloc Memory Limit   2000 MB
 Mega-Array Size        63 MB
 MEM_STATIC part        64 MB

                       Distance Matrix (Angstroms)
             O (  1)
   H (  2)  0.900000

 A cutoff of  1.0D-14 yielded     15 shell pairs
 There are        78 function pairs

 -------------------------------------------------------
 OpenMP Integral Computing Module
 Release: version 1.0, May 2013, Q-Chem Inc. Pittsburgh
 -------------------------------------------------------
 Integral Job Info:
 Integral job number is                      11
 Integral operator is                         1
 short-range coefficients                     0
 long-range coefficients              100000000
 Omega coefficients                           0
 if combine SR and LR in K                    0
 Integral screening is                        0
 Integral computing path is                   2
 max size of driver memory is            800000
 size of driver memory is                 45569
 size of scratch memory is              2040132
 max col of scratch BK array                289
 max len of scratch array in speh3           22
 max len of scratch index in speh4            8
 max int batch size is                      520
 min int batch size is                       52
 fixed nKL is                                52
 max L of basis functions is                  1
 order of int derivative is                   0
 number of shells is                          5
 number of basis is                          11
 number of cartesian basis is                11
 number of contracted shell pairs            15
 number of primitive shell pairs            122
 maxK2 (contraction) of shell pair           36
 max number of K2 of shell pair               1
 max number of CS2 of shell pair              2
 max number of PS2 of shell pair             36
 mem total for path MDJ                  504506
 -------------------------------------------------------
 Smallest overlap matrix eigenvalue = 7.39E-02

 Scale SEOQF with 1.000000e+00/1.000000e+00/1.000000e+00

 Standard Electronic Orientation quadrupole field applied
 Nucleus-field energy     =    -0.0000000008 hartrees
 Guess from superposition of atomic densities
 Warning:  Energy on first SCF cycle will be non-variational
 SAD guess density has 9.000000 electrons

 -----------------------------------------------------------------------
  General SCF calculation program by
  Eric Jon Sundstrom, Paul Horn, Yuezhi Mao, Dmitri Zuev, Alec White,
  David Stuck, Shaama M.S., Shane Yost, Joonho Lee, David Small,
  Daniel Levine, Susi Lehtola, Hugh Burton, Evgeny Epifanovsky
 -----------------------------------------------------------------------
 Hartree-Fock
 using 4 threads for integral computing
 -------------------------------------------------------
 OpenMP Integral computing Module
 Release: version 1.0, May 2013, Q-Chem Inc. Pittsburgh
 -------------------------------------------------------
 A unrestricted SCF calculation will be
 performed using DIIS
 SCF converges when DIIS error is below 1.0e-08
 ---------------------------------------
  Cycle       Energy         DIIS error
 ---------------------------------------
    1     -75.1061951844      1.03e-01
    2     -75.1975591936      4.79e-02
    3     -75.2929024914      1.71e-02
    4     -75.3053231051      1.11e-03
    5     -75.3055017495      3.46e-04
    6     -75.3055240858      3.35e-05
    7     -75.3055242496      1.71e-06
    8     -75.3055242498      2.17e-07
    9     -75.3055242498      2.59e-08
   10     -75.3055242498      1.43e-09  Convergence criterion met
 ---------------------------------------
 SCF time:   CPU 3.64s  wall 1.00s
<S^2> =         -0.000000000
 SCF   energy in the final basis set =      -75.3055242498
 Total energy in the final basis set =      -75.3055242498

 --------------------------------------------------------------

                    Orbital Energies (a.u.)
 --------------------------------------------------------------

 Alpha MOs
 -- Occupied --
-20.0740  -0.8491  -0.1742  -0.0336  -0.0336
 -- Virtual --
  0.5676   1.5669   1.5951   1.5951   1.6727   1.9855

 Beta MOs
 -- Occupied --
-20.0740  -0.8491  -0.1742  -0.0336  -0.0336
 -- Virtual --
  0.5676   1.5669   1.5951   1.5951   1.6727   1.9855
 --------------------------------------------------------------

          Ground-State Mulliken Net Atomic Charges

     Atom                 Charge (a.u.)    Spin (a.u.)
  --------------------------------------------------------
      1 O                    -1.195400       0.000000
      2 H                     0.195400       0.000000
  --------------------------------------------------------
  Sum of atomic charges =    -1.000000
  Sum of spin   charges =     0.000000

 -----------------------------------------------------------------
                    Cartesian Multipole Moments
 -----------------------------------------------------------------
    Charge (ESU x 10^10)
                -4.8032
    Dipole Moment (Debye)
         X       0.0000      Y      -0.0000      Z       1.8386
       Tot       1.8386
    Quadrupole Moments (Debye-Ang)
        XX      -7.8670     XY      -0.0000     YY      -7.8670
        XZ       0.0000     YZ      -0.0000     ZZ      -6.6961
    Octopole Moments (Debye-Ang^2)
       XXX       0.0000    XXY      -0.0000    XYY       0.0000
       YYY      -0.0000    XXZ       0.2949    XYZ       0.0000
       YYZ       0.2949    XZZ      -0.0000    YZZ      -0.0000
       ZZZ       0.7912
    Hexadecapole Moments (Debye-Ang^3)
      XXXX      -6.0558   XXXY       0.0000   XXYY      -2.0186
      XYYY       0.0000   YYYY      -6.0558   XXXZ       0.0000
      XXYZ      -0.0000   XYYZ       0.0000   YYYZ      -0.0000
      XXZZ      -2.4005   XYZZ       0.0000   YYZZ      -2.4005
      XZZZ       0.0000   YZZZ      -0.0000   ZZZZ      -7.8807
 -----------------------------------------------------------------
Archival summary:
1\1\Aeria.local\SP\HF\6-31G\11(1-,1)\MonMay1020:31:162021MonMay1020:31:162021\0\\#,HF,6-31G,\\-1,1\O\H,1,0.9\\HF=-75.3055242\\@

 Total job time:  1.84s(wall), 5.01s(cpu)
 Mon May 10 20:31:16 2021

        *************************************************************
        *                                                           *
        *  Thank you very much for using Q-Chem.  Have a nice day.  *
        *                                                           *
        *************************************************************

